******************************************************************************
                  TI ARM Linker PC v16.9.10                    
******************************************************************************
>> Linked Mon Jan 21 12:52:27 2019

OUTPUT FILE NAME:   <EGR436-Lab2.out>
ENTRY POINT SYMBOL: "_c_int00"  address: 0000096d


MEMORY CONFIGURATION

         name            origin    length      used     unused   attr    fill
----------------------  --------  ---------  --------  --------  ----  --------
  MAIN                  00000000   00040000  00000afa  0003f506  R  X
  INFO                  00200000   00004000  00000000  00004000  R  X
  SRAM_CODE             01000000   00010000  00000a26  0000f5da  RW X
  SRAM_DATA             20000000   00010000  00000a26  0000f5da  RW  


SEGMENT ALLOCATION MAP

run origin  load origin   length   init length attrs members
----------  ----------- ---------- ----------- ----- -------
00000000    00000000    00000b00   00000b00    r-x
  00000000    00000000    000000e4   000000e4    r-- .intvecs
  000000e4    000000e4    000009d6   000009d6    r-x .text
  00000ac0    00000ac0    00000040   00000040    r-- .cinit
20000000    20000000    00000828   00000000    rw-
  20000000    20000000    0000080a   00000000    rw- .bss
  2000080c    2000080c    0000001c   00000000    rw- .data
2000fe00    2000fe00    00000200   00000000    rw-
  2000fe00    2000fe00    00000200   00000000    rw- .stack


SECTION ALLOCATION MAP

 output                                  attributes/
section   page    origin      length       input sections
--------  ----  ----------  ----------   ----------------
.intvecs   0    00000000    000000e4     
                  00000000    000000e4     startup_msp432p401r_ccs.obj (.intvecs:retain)

.binit     0    00000000    00000000     

.text      0    000000e4    000009d6     
                  000000e4    00000334     system_msp432p401r.obj (.text)
                  00000418    0000022c     spi.obj (.text)
                  00000644    000000d4     main.obj (.text)
                  00000718    0000009c     rtsv7M4_T_le_v4SPD16_eabi.lib : memcpy_t2.obj (.text)
                  000007b4    0000007a                                   : memset_t2.obj (.text)
                  0000082e    00000002                                   : mpu_init.obj (.text)
                  00000830    00000070                                   : autoinit.obj (.text)
                  000008a0    00000068                                   : copy_decompress_lzss.obj (.text:decompress:lzss)
                  00000908    00000064     flash.obj (.text)
                  0000096c    00000054     rtsv7M4_T_le_v4SPD16_eabi.lib : boot.obj (.text)
                  000009c0    00000054                                   : exit.obj (.text)
                  00000a14    0000004c                                   : cpy_tbl.obj (.text)
                  00000a60    00000018                                   : args_main.obj (.text)
                  00000a78    00000014                                   : _lock.obj (.text)
                  00000a8c    0000000e                                   : copy_decompress_none.obj (.text:decompress:none)
                  00000a9a    0000000e     startup_msp432p401r_ccs.obj (.text)
                  00000aa8    0000000c     rtsv7M4_T_le_v4SPD16_eabi.lib : copy_zero_init.obj (.text:decompress:ZI)
                  00000ab4    00000004                                   : pre_init.obj (.text)
                  00000ab8    00000002                                   : startup.obj (.text)

.cinit     0    00000ac0    00000040     
                  00000ac0    00000015     (.cinit..data.load) [load image, compression = lzss]
                  00000ad5    00000003     --HOLE-- [fill = 0]
                  00000ad8    0000000c     (__TI_handler_table)
                  00000ae4    00000004     --HOLE-- [fill = 0]
                  00000ae8    00000008     (.cinit..bss.load) [load image, compression = zero_init]
                  00000af0    00000010     (__TI_cinit_table)

.init_array 
*          0    00000000    00000000     UNINITIALIZED

.bss       0    20000000    0000080a     UNINITIALIZED
                  20000000    00000400     (.common:SPI_RXBuff)
                  20000400    00000400     (.common:SPI_TXBuff)
                  20000800    00000002     (.common:SPI_RXReadIndex)
                  20000802    00000002     (.common:SPI_RXWrtIndex)
                  20000804    00000002     (.common:SPI_TXReadIndex)
                  20000806    00000002     (.common:SPI_TXWrtIndex)
                  20000808    00000001     (.common:SPI_RXFlag)
                  20000809    00000001     (.common:SPI_TXFlag)

.data      0    2000080c    0000001c     UNINITIALIZED
                  2000080c    0000000c     rtsv7M4_T_le_v4SPD16_eabi.lib : exit.obj (.data:$O1$$)
                  20000818    00000008                                   : _lock.obj (.data:$O1$$)
                  20000820    00000004                                   : stkdepth_vars.obj (.data)
                  20000824    00000004     system_msp432p401r.obj (.data)

.stack     0    2000fe00    00000200     UNINITIALIZED
                  2000fe00    00000200     --HOLE--

MODULE SUMMARY

       Module                        code   ro data   rw data
       ------                        ----   -------   -------
    .\
       flash.obj                     100    0         4116   
       system_msp432p401r.obj        820    0         8      
       spi.obj                       556    0         0      
       startup_msp432p401r_ccs.obj   14     228       0      
       main.obj                      212    0         0      
    +--+-----------------------------+------+---------+---------+
       Total:                        1702   228       4124   
                                                             
    C:\ti\ccsv7\tools\compiler\ti-cgt-arm_16.9.10.LTS\lib\rtsv7M4_T_le_v4SPD16_eabi.lib
       memcpy_t2.obj                 156    0         0      
       memset_t2.obj                 122    0         0      
       autoinit.obj                  112    0         0      
       exit.obj                      84     0         24     
       copy_decompress_lzss.obj      104    0         0      
       boot.obj                      84     0         0      
       cpy_tbl.obj                   76     0         0      
       _lock.obj                     20     0         16     
       args_main.obj                 24     0         0      
       copy_decompress_none.obj      14     0         0      
       copy_zero_init.obj            12     0         0      
       stkdepth_vars.obj             0      0         8      
       pre_init.obj                  4      0         0      
       mpu_init.obj                  2      0         0      
       startup.obj                   2      0         0      
    +--+-----------------------------+------+---------+---------+
       Total:                        816    0         48     
                                                             
       Stack:                        0      0         1024   
       Linker Generated:             0      57        0      
    +--+-----------------------------+------+---------+---------+
       Grand Total:                  2518   285       5196   


LINKER GENERATED COPY TABLES

__TI_cinit_table @ 00000af0 records: 2, size/record: 8, table size: 16
	.data: load addr=00000ac0, load size=00000015 bytes, run addr=2000080c, run size=0000001c bytes, compression=lzss
	.bss: load addr=00000ae8, load size=00000008 bytes, run addr=20000000, run size=0000080a bytes, compression=zero_init


LINKER GENERATED HANDLER TABLE

__TI_handler_table @ 00000ad8 records: 3, size/record: 4, table size: 12
	index: 0, handler: __TI_decompress_lzss
	index: 1, handler: __TI_decompress_none
	index: 2, handler: __TI_zero_init


GLOBAL SYMBOLS: SORTED ALPHABETICALLY BY Name 

address   name                           
-------   ----                           
00000aa7  ADC14_IRQHandler               
00000aa7  AES256_IRQHandler              
00000aa7  BusFault_Handler               
000009c1  C$$EXIT                        
00000aa7  COMP_E0_IRQHandler             
00000aa7  COMP_E1_IRQHandler             
00000aa7  CS_IRQHandler                  
00000aa7  DMA_ERR_IRQHandler             
00000aa7  DMA_INT0_IRQHandler            
00000aa7  DMA_INT1_IRQHandler            
00000aa7  DMA_INT2_IRQHandler            
00000aa7  DMA_INT3_IRQHandler            
00000aa7  DebugMon_Handler               
00000aa7  Default_Handler                
00000aa7  EUSCIA0_IRQHandler             
00000aa7  EUSCIA1_IRQHandler             
00000aa7  EUSCIA2_IRQHandler             
00000667  EUSCIA3_IRQHandler             
00000667  EUSCIA3_IRQHandler             
00000aa7  EUSCIB0_IRQHandler             
00000aa7  EUSCIB1_IRQHandler             
00000aa7  EUSCIB2_IRQHandler             
00000aa7  EUSCIB3_IRQHandler             
00000aa7  FLCTL_IRQHandler               
00000aa7  FPU_IRQHandler                 
00000909  Flash_GetDeviceID              
00000aa7  HardFault_Handler              
0000065b  InitHardware                   
00000aa7  MemManage_Handler              
00000aa7  NMI_Handler                    
00000aa7  PCM_IRQHandler                 
00000aa7  PORT1_IRQHandler               
00000aa7  PORT2_IRQHandler               
00000aa7  PORT3_IRQHandler               
00000aa7  PORT4_IRQHandler               
00000aa7  PORT5_IRQHandler               
00000aa7  PORT6_IRQHandler               
00000aa7  PSS_IRQHandler                 
00000aa7  PendSV_Handler                 
00000aa7  RTC_C_IRQHandler               
00000a9b  Reset_Handler                  
UNDEFED   SHT$$INIT_ARRAY$$Base          
UNDEFED   SHT$$INIT_ARRAY$$Limit         
00000445  SPI_PortInit                   
20000000  SPI_RXBuff                     
20000808  SPI_RXFlag                     
20000800  SPI_RXReadIndex                
20000802  SPI_RXWrtIndex                 
00000585  SPI_ReadByte                   
000005a5  SPI_ReadData                   
000004c1  SPI_SendByte                   
000004e1  SPI_SendCommand                
00000527  SPI_SendData                   
20000400  SPI_TXBuff                     
20000809  SPI_TXFlag                     
20000804  SPI_TXReadIndex                
20000806  SPI_TXWrtIndex                 
00000aa7  SVC_Handler                    
00000aa7  SysTick_Handler                
20000824  SystemCoreClock                
000000e5  SystemCoreClockUpdate          
0000035d  SystemInit                     
00000aa7  T32_INT1_IRQHandler            
00000aa7  T32_INT2_IRQHandler            
00000aa7  T32_INTC_IRQHandler            
00000aa7  TA0_0_IRQHandler               
00000aa7  TA0_N_IRQHandler               
00000aa7  TA1_0_IRQHandler               
00000aa7  TA1_N_IRQHandler               
00000aa7  TA2_0_IRQHandler               
00000aa7  TA2_N_IRQHandler               
00000aa7  TA3_0_IRQHandler               
00000aa7  TA3_N_IRQHandler               
00000aa7  UsageFault_Handler             
4000480c  WDTCTL_SYM                     
00000aa7  WDT_A_IRQHandler               
20010000  __STACK_END                    
00000200  __STACK_SIZE                   
00000af0  __TI_CINIT_Base                
00000b00  __TI_CINIT_Limit               
00000ad8  __TI_Handler_Table_Base        
00000ae4  __TI_Handler_Table_Limit       
00000831  __TI_auto_init                 
2000080c  __TI_cleanup_ptr               
000008a1  __TI_decompress_lzss           
00000a8d  __TI_decompress_none           
20000810  __TI_dtors_ptr                 
20000814  __TI_enable_exit_profile_output
ffffffff  __TI_pprof_out_hndl            
ffffffff  __TI_prof_data_size            
ffffffff  __TI_prof_data_start           
00000000  __TI_static_base__             
00000aa9  __TI_zero_init                 
000007b5  __aeabi_memclr                 
000007b5  __aeabi_memclr4                
000007b5  __aeabi_memclr8                
00000719  __aeabi_memcpy                 
00000719  __aeabi_memcpy4                
00000719  __aeabi_memcpy8                
000007b7  __aeabi_memset                 
000007b7  __aeabi_memset4                
000007b7  __aeabi_memset8                
ffffffff  __binit__                      
ffffffff  __c_args__                     
0000082f  __mpu_init                     
2000fe00  __stack                        
00000a61  _args_main                     
0000096d  _c_int00                       
20000818  _lock                          
00000a87  _nop                           
00000a7f  _register_lock                 
00000a79  _register_unlock               
00000ab9  _system_post_cinit             
00000ab5  _system_pre_init               
2000081c  _unlock                        
000009c5  abort                          
ffffffff  binit                          
00000a15  copy_in                        
000009cd  exit                           
00000000  interruptVectors               
00000645  main                           
20000820  main_func_sp                   
00000719  memcpy                         
000007bd  memset                         


GLOBAL SYMBOLS: SORTED BY Symbol Address 

address   name                           
-------   ----                           
00000000  __TI_static_base__             
00000000  interruptVectors               
000000e5  SystemCoreClockUpdate          
00000200  __STACK_SIZE                   
0000035d  SystemInit                     
00000445  SPI_PortInit                   
000004c1  SPI_SendByte                   
000004e1  SPI_SendCommand                
00000527  SPI_SendData                   
00000585  SPI_ReadByte                   
000005a5  SPI_ReadData                   
00000645  main                           
0000065b  InitHardware                   
00000667  EUSCIA3_IRQHandler             
00000667  EUSCIA3_IRQHandler             
00000719  __aeabi_memcpy                 
00000719  __aeabi_memcpy4                
00000719  __aeabi_memcpy8                
00000719  memcpy                         
000007b5  __aeabi_memclr                 
000007b5  __aeabi_memclr4                
000007b5  __aeabi_memclr8                
000007b7  __aeabi_memset                 
000007b7  __aeabi_memset4                
000007b7  __aeabi_memset8                
000007bd  memset                         
0000082f  __mpu_init                     
00000831  __TI_auto_init                 
000008a1  __TI_decompress_lzss           
00000909  Flash_GetDeviceID              
0000096d  _c_int00                       
000009c1  C$$EXIT                        
000009c5  abort                          
000009cd  exit                           
00000a15  copy_in                        
00000a61  _args_main                     
00000a79  _register_unlock               
00000a7f  _register_lock                 
00000a87  _nop                           
00000a8d  __TI_decompress_none           
00000a9b  Reset_Handler                  
00000aa7  ADC14_IRQHandler               
00000aa7  AES256_IRQHandler              
00000aa7  BusFault_Handler               
00000aa7  COMP_E0_IRQHandler             
00000aa7  COMP_E1_IRQHandler             
00000aa7  CS_IRQHandler                  
00000aa7  DMA_ERR_IRQHandler             
00000aa7  DMA_INT0_IRQHandler            
00000aa7  DMA_INT1_IRQHandler            
00000aa7  DMA_INT2_IRQHandler            
00000aa7  DMA_INT3_IRQHandler            
00000aa7  DebugMon_Handler               
00000aa7  Default_Handler                
00000aa7  EUSCIA0_IRQHandler             
00000aa7  EUSCIA1_IRQHandler             
00000aa7  EUSCIA2_IRQHandler             
00000aa7  EUSCIB0_IRQHandler             
00000aa7  EUSCIB1_IRQHandler             
00000aa7  EUSCIB2_IRQHandler             
00000aa7  EUSCIB3_IRQHandler             
00000aa7  FLCTL_IRQHandler               
00000aa7  FPU_IRQHandler                 
00000aa7  HardFault_Handler              
00000aa7  MemManage_Handler              
00000aa7  NMI_Handler                    
00000aa7  PCM_IRQHandler                 
00000aa7  PORT1_IRQHandler               
00000aa7  PORT2_IRQHandler               
00000aa7  PORT3_IRQHandler               
00000aa7  PORT4_IRQHandler               
00000aa7  PORT5_IRQHandler               
00000aa7  PORT6_IRQHandler               
00000aa7  PSS_IRQHandler                 
00000aa7  PendSV_Handler                 
00000aa7  RTC_C_IRQHandler               
00000aa7  SVC_Handler                    
00000aa7  SysTick_Handler                
00000aa7  T32_INT1_IRQHandler            
00000aa7  T32_INT2_IRQHandler            
00000aa7  T32_INTC_IRQHandler            
00000aa7  TA0_0_IRQHandler               
00000aa7  TA0_N_IRQHandler               
00000aa7  TA1_0_IRQHandler               
00000aa7  TA1_N_IRQHandler               
00000aa7  TA2_0_IRQHandler               
00000aa7  TA2_N_IRQHandler               
00000aa7  TA3_0_IRQHandler               
00000aa7  TA3_N_IRQHandler               
00000aa7  UsageFault_Handler             
00000aa7  WDT_A_IRQHandler               
00000aa9  __TI_zero_init                 
00000ab5  _system_pre_init               
00000ab9  _system_post_cinit             
00000ad8  __TI_Handler_Table_Base        
00000ae4  __TI_Handler_Table_Limit       
00000af0  __TI_CINIT_Base                
00000b00  __TI_CINIT_Limit               
20000000  SPI_RXBuff                     
20000400  SPI_TXBuff                     
20000800  SPI_RXReadIndex                
20000802  SPI_RXWrtIndex                 
20000804  SPI_TXReadIndex                
20000806  SPI_TXWrtIndex                 
20000808  SPI_RXFlag                     
20000809  SPI_TXFlag                     
2000080c  __TI_cleanup_ptr               
20000810  __TI_dtors_ptr                 
20000814  __TI_enable_exit_profile_output
20000818  _lock                          
2000081c  _unlock                        
20000820  main_func_sp                   
20000824  SystemCoreClock                
2000fe00  __stack                        
20010000  __STACK_END                    
4000480c  WDTCTL_SYM                     
ffffffff  __TI_pprof_out_hndl            
ffffffff  __TI_prof_data_size            
ffffffff  __TI_prof_data_start           
ffffffff  __binit__                      
ffffffff  __c_args__                     
ffffffff  binit                          
UNDEFED   SHT$$INIT_ARRAY$$Base          
UNDEFED   SHT$$INIT_ARRAY$$Limit         

[124 symbols]
